GitFlow

Microsoft Windows [Version 10.0.19044.1766]
(c) Microsoft Corporation. Alle Rechte vorbehalten.

Z:\>git --version
git version 2.33.0.windows.2

Z:\>cd Z:\ESEP\demo

Z:\ESEP\demo>git clone https://git.haw-hamburg.de/acr819/esep_gruppe2.2.git
Cloning into 'esep_gruppe2.2'...
remote: Enumerating objects: 3, done.
remote: Counting objects: 100% (3/3), done.
remote: Compressing objects: 100% (2/2), done.
remote: Total 3 (delta 0), reused 0 (delta 0), pack-reused 0
Receiving objects: 100% (3/3), done.

Z:\ESEP\demo>git branch
fatal: not a git repository (or any of the parent directories): .git

Z:\ESEP\demo>mkdir 1

Z:\ESEP\demo>git add .
fatal: not a git repository (or any of the parent directories): .git

Z:\ESEP\demo>la
Der Befehl "la" ist entweder falsch geschrieben oder
konnte nicht gefunden werden.

Z:\ESEP\demo>ls
1  Makefile  build  esep_gruppe2.2  src

Z:\ESEP\demo>cd esep_gruppe2.2

Z:\ESEP\demo\esep_gruppe2.2>ls
README.md

Z:\ESEP\demo\esep_gruppe2.2>git branch
* main

Z:\ESEP\demo\esep_gruppe2.2>mkdir Aufgabe 1

Z:\ESEP\demo\esep_gruppe2.2>git add .

Z:\ESEP\demo\esep_gruppe2.2>git commit "test"
error: pathspec 'test' did not match any file(s) known to git

Z:\ESEP\demo\esep_gruppe2.2>git status
On branch main
Your branch is up to date with 'origin/main'.

nothing to commit, working tree clean

Z:\ESEP\demo\esep_gruppe2.2>git add /Aufgabe 1
fatal: /Aufgabe: '/Aufgabe' is outside repository at '//filer2.is.haw-hamburg.de/user/acx197/ESEP/demo/esep_gruppe2.2'

Z:\ESEP\demo\esep_gruppe2.2>ls
1  Aufgabe  README.md

Z:\ESEP\demo\esep_gruppe2.2>git branch
* main

Z:\ESEP\demo\esep_gruppe2.2>git checkout -b development
Switched to a new branch 'development'

Z:\ESEP\demo\esep_gruppe2.2>git checkout main
Switched to branch 'main'
Your branch is up to date with 'origin/main'.

Z:\ESEP\demo\esep_gruppe2.2>